src/app/playground/page.tsx(233,99): error TS1127: Invalid character.
src/app/playground/page.tsx(233,230): error TS1381: Unexpected token. Did you mean `{'}'}` or `&rbrace;`?
src/app/playground/page.tsx(233,231): error TS1382: Unexpected token. Did you mean `{'>'}` or `&gt;`?
src/app/playground/page.tsx(233,244): error TS17002: Expected corresponding JSX closing tag for 'motion.div'.
src/app/playground/page.tsx(234,30): error TS1005: '}' expected.
src/app/playground/page.tsx(234,31): error TS1381: Unexpected token. Did you mean `{'}'}` or `&rbrace;`?
src/app/playground/page.tsx(235,27): error TS17002: Expected corresponding JSX closing tag for 'AnimatePresence'.
src/app/playground/page.tsx(236,30): error TS1381: Unexpected token. Did you mean `{'}'}` or `&rbrace;`?
src/app/playground/page.tsx(237,23): error TS17002: Expected corresponding JSX closing tag for 'div'.
src/app/playground/page.tsx(301,64): error TS1127: Invalid character.
src/app/playground/page.tsx(301,229): error TS1381: Unexpected token. Did you mean `{'}'}` or `&rbrace;`?
src/app/playground/page.tsx(302,53): error TS1382: Unexpected token. Did you mean `{'>'}` or `&gt;`?
src/app/playground/page.tsx(304,43): error TS17002: Expected corresponding JSX closing tag for 'motion.div'.
src/app/playground/page.tsx(305,38): error TS1005: '}' expected.
src/app/playground/page.tsx(305,39): error TS1381: Unexpected token. Did you mean `{'}'}` or `&rbrace;`?
src/app/playground/page.tsx(306,35): error TS17002: Expected corresponding JSX closing tag for 'AnimatePresence'.
src/app/playground/page.tsx(307,42): error TS1381: Unexpected token. Did you mean `{'}'}` or `&rbrace;`?
src/app/playground/page.tsx(308,31): error TS17002: Expected corresponding JSX closing tag for 'div'.
src/app/playground/page.tsx(341,17): error TS1005: ')' expected.
src/app/playground/page.tsx(350,13): error TS1128: Declaration or statement expected.
src/app/playground/page.tsx(351,9): error TS1109: Expression expected.
src/app/playground/page.tsx(352,5): error TS1109: Expression expected.
